// Jest Snapshot v1, https://goo.gl/fbAQLP

exports[`MixDesignService 快照测试（用于蓝图引擎回归对比） 普通混凝土 C30 配合比快照（42.5 水泥，180mm 坍落度，5-20mm 碎石） 1`] = `
{
  "airContent": 1,
  "calculationMethod": "absolute",
  "density": 2385.93,
  "influenceFactor": 1,
  "materials": {
    "cement": 300.08,
    "flyAsh": 0,
    "sand": 890.72,
    "slag": 0,
    "stone": 1014.69,
    "superplasticizer": 4.2011,
    "water": 176.25,
  },
  "sandRatio": 0.4675,
  "slump": 180,
  "strengthStdDev": 5,
  "superplasticizerDosage": 1.4,
  "targetDensity": undefined,
  "targetStrength": 38.225,
  "waterRatio": 0.5874,
  "waterReducingRate": 25,
}
`;

exports[`MixDesignService 快照测试（用于蓝图引擎回归对比） 普通混凝土 C50 高强快照（52.5 水泥，200mm 坍落度，5-20mm 碎石） 1`] = `
{
  "airContent": 1,
  "calculationMethod": "absolute",
  "density": 2418.12,
  "influenceFactor": 1,
  "materials": {
    "cement": 342.46,
    "flyAsh": 0,
    "sand": 865.49,
    "slag": 0,
    "stone": 1044.55,
    "superplasticizer": 6.1643,
    "water": 159.46,
  },
  "sandRatio": 0.4531,
  "slump": 200,
  "strengthStdDev": 6,
  "superplasticizerDosage": 1.8,
  "targetDensity": undefined,
  "targetStrength": 59.87,
  "waterRatio": 0.4656,
  "waterReducingRate": 33,
}
`;
